// Jest Snapshot v1, https://goo.gl/fbAQLP

exports[`fixing 1`] = `
Array [
  Object {
    "deprecations": Array [],
    "errored": true,
    "ignored": undefined,
    "invalidOptionWarnings": Array [],
    "source": "fixing/stylesheet.css",
    "warnings": Array [
      Object {
        "column": 1,
        "line": 7,
        "rule": "comment-no-empty",
        "severity": "error",
        "text": "Unexpected empty comment (comment-no-empty)",
      },
    ],
  },
]
`;

exports[`fixing 2`] = `
"a { @extend placeholder; }
a {} @media {}
@charset 'UTF-8';
a { color: #000; }
a {}

/* comment */

/**/

/*comment*/

/* TODO: */
@custom-media --bar (min-width: 30em);
a {
  & .foo { /* 1 */
    &__foo { /* 2 */
      & > .bar {} /* 3 */
    }
  }
}
"
`;
