// Jest Snapshot v1, https://goo.gl/fbAQLP

exports[`outputFile writes the result file  1`] = `
"
stylesheet.css
 1:3  âœ–  Unexpected empty block   block-no-empty

"
`;
