// Jest Snapshot v1, https://goo.gl/fbAQLP

exports[`fs - invalid twbs buttons and their config 1`] = `
Object {
  "cwd": "",
  "errored": true,
  "output": Array [
    Object {
      "deprecations": Array [],
      "errored": true,
      "invalidOptionWarnings": Array [],
      "parseErrors": Array [],
      "warnings": Array [
        Object {
          "column": 10,
          "endColumn": 15,
          "endLine": 79,
          "line": 79,
          "rule": "color-named",
          "severity": "error",
          "text": "Unexpected named color \\"white\\" (color-named)",
        },
        Object {
          "column": 1,
          "endColumn": 2,
          "endLine": 126,
          "line": 118,
          "rule": "selector-no-qualifying-type",
          "severity": "error",
          "text": "Unexpected qualifying type selector (selector-no-qualifying-type)",
        },
        Object {
          "column": 3,
          "endColumn": 4,
          "endLine": 125,
          "line": 123,
          "rule": "selector-no-qualifying-type",
          "severity": "error",
          "text": "Unexpected qualifying type selector (selector-no-qualifying-type)",
        },
      ],
    },
  ],
  "reportedDisables": Array [],
  "results": Array [
    Object {
      "deprecations": Array [],
      "errored": true,
      "ignored": undefined,
      "invalidOptionWarnings": Array [],
      "parseErrors": Array [],
      "warnings": Array [
        Object {
          "column": 10,
          "endColumn": 15,
          "endLine": 79,
          "line": 79,
          "rule": "color-named",
          "severity": "error",
          "text": "Unexpected named color \\"white\\" (color-named)",
        },
        Object {
          "column": 1,
          "endColumn": 2,
          "endLine": 126,
          "line": 118,
          "rule": "selector-no-qualifying-type",
          "severity": "error",
          "text": "Unexpected qualifying type selector (selector-no-qualifying-type)",
        },
        Object {
          "column": 3,
          "endColumn": 4,
          "endLine": 125,
          "line": 123,
          "rule": "selector-no-qualifying-type",
          "severity": "error",
          "text": "Unexpected qualifying type selector (selector-no-qualifying-type)",
        },
      ],
    },
  ],
}
`;
