// Jest Snapshot v1, https://goo.gl/fbAQLP

exports[`fs - invalid twbs buttons and their config 1`] = `
{
  "cwd": "",
  "errored": true,
  "output": [
    {
      "deprecations": [
        {
          "text": "The "at-rule-semicolon-space-before" rule is deprecated.",
        },
        {
          "text": "The "at-rule-name-space-after" rule is deprecated.",
        },
        {
          "text": "The "declaration-block-semicolon-newline-before" rule is deprecated.",
        },
        {
          "text": "The "max-empty-lines" rule is deprecated.",
        },
        {
          "text": "The "number-leading-zero" rule is deprecated.",
        },
        {
          "text": "The "selector-list-comma-newline-before" rule is deprecated.",
        },
        {
          "text": "The "selector-list-comma-space-after" rule is deprecated.",
        },
        {
          "text": "The "selector-list-comma-space-before" rule is deprecated.",
        },
        {
          "text": "The "string-quotes" rule is deprecated.",
        },
        {
          "text": "The "unicode-bom" rule is deprecated.",
        },
        {
          "text": "The "value-list-comma-newline-after" rule is deprecated.",
        },
        {
          "text": "The "value-list-comma-newline-before" rule is deprecated.",
        },
        {
          "text": "The "value-list-comma-space-after" rule is deprecated.",
        },
      ],
      "errored": true,
      "invalidOptionWarnings": [],
      "parseErrors": [],
      "warnings": [
        {
          "column": 10,
          "endColumn": 15,
          "endLine": 79,
          "line": 79,
          "rule": "color-named",
          "severity": "error",
          "text": "Unexpected named color "white" (color-named)",
        },
        {
          "column": 1,
          "endColumn": 12,
          "endLine": 118,
          "line": 118,
          "rule": "selector-no-qualifying-type",
          "severity": "error",
          "text": "Unexpected qualifying type selector "a.btn-block" (selector-no-qualifying-type)",
        },
        {
          "column": 3,
          "endColumn": 4,
          "endLine": 125,
          "line": 123,
          "rule": "selector-no-qualifying-type",
          "severity": "error",
          "text": "Unexpected qualifying type selector "a.btn-block" (selector-no-qualifying-type)",
        },
      ],
    },
  ],
  "reportedDisables": [],
  "results": [
    {
      "deprecations": [
        {
          "reference": undefined,
          "text": "The "at-rule-semicolon-space-before" rule is deprecated.",
        },
        {
          "reference": undefined,
          "text": "The "at-rule-name-space-after" rule is deprecated.",
        },
        {
          "reference": undefined,
          "text": "The "declaration-block-semicolon-newline-before" rule is deprecated.",
        },
        {
          "reference": undefined,
          "text": "The "max-empty-lines" rule is deprecated.",
        },
        {
          "reference": undefined,
          "text": "The "number-leading-zero" rule is deprecated.",
        },
        {
          "reference": undefined,
          "text": "The "selector-list-comma-newline-before" rule is deprecated.",
        },
        {
          "reference": undefined,
          "text": "The "selector-list-comma-space-after" rule is deprecated.",
        },
        {
          "reference": undefined,
          "text": "The "selector-list-comma-space-before" rule is deprecated.",
        },
        {
          "reference": undefined,
          "text": "The "string-quotes" rule is deprecated.",
        },
        {
          "reference": undefined,
          "text": "The "unicode-bom" rule is deprecated.",
        },
        {
          "reference": undefined,
          "text": "The "value-list-comma-newline-after" rule is deprecated.",
        },
        {
          "reference": undefined,
          "text": "The "value-list-comma-newline-before" rule is deprecated.",
        },
        {
          "reference": undefined,
          "text": "The "value-list-comma-space-after" rule is deprecated.",
        },
      ],
      "errored": true,
      "ignored": undefined,
      "invalidOptionWarnings": [],
      "parseErrors": [],
      "warnings": [
        {
          "column": 10,
          "endColumn": 15,
          "endLine": 79,
          "line": 79,
          "rule": "color-named",
          "severity": "error",
          "text": "Unexpected named color "white" (color-named)",
        },
        {
          "column": 1,
          "endColumn": 12,
          "endLine": 118,
          "line": 118,
          "rule": "selector-no-qualifying-type",
          "severity": "error",
          "text": "Unexpected qualifying type selector "a.btn-block" (selector-no-qualifying-type)",
        },
        {
          "column": 3,
          "endColumn": 4,
          "endLine": 125,
          "line": 123,
          "rule": "selector-no-qualifying-type",
          "severity": "error",
          "text": "Unexpected qualifying type selector "a.btn-block" (selector-no-qualifying-type)",
        },
      ],
    },
  ],
  "ruleMetadata": {
    "at-rule-name-space-after": {
      "deprecated": true,
      "fixable": true,
      "url": "https://stylelint.io/user-guide/rules/at-rule-name-space-after",
    },
    "at-rule-no-vendor-prefix": {
      "fixable": true,
      "url": "https://stylelint.io/user-guide/rules/at-rule-no-vendor-prefix",
    },
    "at-rule-semicolon-space-before": {
      "deprecated": true,
      "url": "https://stylelint.io/user-guide/rules/at-rule-semicolon-space-before",
    },
    "color-named": {
      "url": "https://stylelint.io/user-guide/rules/color-named",
    },
    "declaration-block-semicolon-newline-before": {
      "deprecated": true,
      "url": "https://stylelint.io/user-guide/rules/declaration-block-semicolon-newline-before",
    },
    "declaration-no-important": {
      "url": "https://stylelint.io/user-guide/rules/declaration-no-important",
    },
    "font-family-name-quotes": {
      "fixable": true,
      "url": "https://stylelint.io/user-guide/rules/font-family-name-quotes",
    },
    "font-weight-notation": {
      "fixable": true,
      "url": "https://stylelint.io/user-guide/rules/font-weight-notation",
    },
    "function-url-no-scheme-relative": {
      "url": "https://stylelint.io/user-guide/rules/function-url-no-scheme-relative",
    },
    "function-url-quotes": {
      "fixable": true,
      "url": "https://stylelint.io/user-guide/rules/function-url-quotes",
    },
    "max-empty-lines": {
      "deprecated": true,
      "fixable": true,
      "url": "https://stylelint.io/user-guide/rules/max-empty-lines",
    },
    "media-feature-name-no-vendor-prefix": {
      "fixable": true,
      "url": "https://stylelint.io/user-guide/rules/media-feature-name-no-vendor-prefix",
    },
    "number-leading-zero": {
      "deprecated": true,
      "fixable": true,
      "url": "https://stylelint.io/user-guide/rules/number-leading-zero",
    },
    "property-no-vendor-prefix": {
      "fixable": true,
      "url": "https://stylelint.io/user-guide/rules/property-no-vendor-prefix",
    },
    "selector-attribute-quotes": {
      "fixable": true,
      "url": "https://stylelint.io/user-guide/rules/selector-attribute-quotes",
    },
    "selector-class-pattern": {
      "url": "https://stylelint.io/user-guide/rules/selector-class-pattern",
    },
    "selector-list-comma-newline-before": {
      "deprecated": true,
      "fixable": true,
      "url": "https://stylelint.io/user-guide/rules/selector-list-comma-newline-before",
    },
    "selector-list-comma-space-after": {
      "deprecated": true,
      "fixable": true,
      "url": "https://stylelint.io/user-guide/rules/selector-list-comma-space-after",
    },
    "selector-list-comma-space-before": {
      "deprecated": true,
      "fixable": true,
      "url": "https://stylelint.io/user-guide/rules/selector-list-comma-space-before",
    },
    "selector-max-attribute": {
      "url": "https://stylelint.io/user-guide/rules/selector-max-attribute",
    },
    "selector-max-class": {
      "url": "https://stylelint.io/user-guide/rules/selector-max-class",
    },
    "selector-max-combinators": {
      "url": "https://stylelint.io/user-guide/rules/selector-max-combinators",
    },
    "selector-max-compound-selectors": {
      "url": "https://stylelint.io/user-guide/rules/selector-max-compound-selectors",
    },
    "selector-max-id": {
      "url": "https://stylelint.io/user-guide/rules/selector-max-id",
    },
    "selector-max-type": {
      "url": "https://stylelint.io/user-guide/rules/selector-max-type",
    },
    "selector-max-universal": {
      "url": "https://stylelint.io/user-guide/rules/selector-max-universal",
    },
    "selector-no-qualifying-type": {
      "url": "https://stylelint.io/user-guide/rules/selector-no-qualifying-type",
    },
    "selector-no-vendor-prefix": {
      "fixable": true,
      "url": "https://stylelint.io/user-guide/rules/selector-no-vendor-prefix",
    },
    "shorthand-property-no-redundant-values": {
      "fixable": true,
      "url": "https://stylelint.io/user-guide/rules/shorthand-property-no-redundant-values",
    },
    "string-quotes": {
      "deprecated": true,
      "fixable": true,
      "url": "https://stylelint.io/user-guide/rules/string-quotes",
    },
    "unicode-bom": {
      "deprecated": true,
      "url": "https://stylelint.io/user-guide/rules/unicode-bom",
    },
    "value-list-comma-newline-after": {
      "deprecated": true,
      "fixable": true,
      "url": "https://stylelint.io/user-guide/rules/value-list-comma-newline-after",
    },
    "value-list-comma-newline-before": {
      "deprecated": true,
      "url": "https://stylelint.io/user-guide/rules/value-list-comma-newline-before",
    },
    "value-list-comma-space-after": {
      "deprecated": true,
      "fixable": true,
      "url": "https://stylelint.io/user-guide/rules/value-list-comma-space-after",
    },
    "value-no-vendor-prefix": {
      "fixable": true,
      "url": "https://stylelint.io/user-guide/rules/value-no-vendor-prefix",
    },
  },
}
`;
