// Jest Snapshot v1, https://goo.gl/fbAQLP

exports[`no-fs - invalid twbs buttons and their config 1`] = `
{
  "cwd": "",
  "errored": true,
  "output": [
    {
      "deprecations": [],
      "errored": true,
      "invalidOptionWarnings": [],
      "parseErrors": [],
      "source": "/path/to/dummy.css",
      "warnings": [
        {
          "column": 10,
          "endColumn": 15,
          "endLine": 79,
          "line": 79,
          "rule": "color-named",
          "severity": "error",
          "text": "Unexpected named color "white" (color-named)",
        },
        {
          "column": 1,
          "endColumn": 12,
          "endLine": 118,
          "line": 118,
          "rule": "selector-no-qualifying-type",
          "severity": "error",
          "text": "Unexpected qualifying type selector "a.btn-block" (selector-no-qualifying-type)",
        },
        {
          "column": 3,
          "endColumn": 4,
          "endLine": 125,
          "line": 123,
          "rule": "selector-no-qualifying-type",
          "severity": "error",
          "text": "Unexpected qualifying type selector "a.btn-block" (selector-no-qualifying-type)",
        },
      ],
    },
  ],
  "report": [
    {
      "deprecations": [],
      "errored": true,
      "invalidOptionWarnings": [],
      "parseErrors": [],
      "source": "/path/to/dummy.css",
      "warnings": [
        {
          "column": 10,
          "endColumn": 15,
          "endLine": 79,
          "line": 79,
          "rule": "color-named",
          "severity": "error",
          "text": "Unexpected named color "white" (color-named)",
        },
        {
          "column": 1,
          "endColumn": 12,
          "endLine": 118,
          "line": 118,
          "rule": "selector-no-qualifying-type",
          "severity": "error",
          "text": "Unexpected qualifying type selector "a.btn-block" (selector-no-qualifying-type)",
        },
        {
          "column": 3,
          "endColumn": 4,
          "endLine": 125,
          "line": 123,
          "rule": "selector-no-qualifying-type",
          "severity": "error",
          "text": "Unexpected qualifying type selector "a.btn-block" (selector-no-qualifying-type)",
        },
      ],
    },
  ],
  "reportedDisables": [],
  "results": [
    {
      "deprecations": [],
      "errored": true,
      "ignored": undefined,
      "invalidOptionWarnings": [],
      "parseErrors": [],
      "source": "/path/to/dummy.css",
      "warnings": [
        {
          "column": 10,
          "endColumn": 15,
          "endLine": 79,
          "line": 79,
          "rule": "color-named",
          "severity": "error",
          "text": "Unexpected named color "white" (color-named)",
        },
        {
          "column": 1,
          "endColumn": 12,
          "endLine": 118,
          "line": 118,
          "rule": "selector-no-qualifying-type",
          "severity": "error",
          "text": "Unexpected qualifying type selector "a.btn-block" (selector-no-qualifying-type)",
        },
        {
          "column": 3,
          "endColumn": 4,
          "endLine": 125,
          "line": 123,
          "rule": "selector-no-qualifying-type",
          "severity": "error",
          "text": "Unexpected qualifying type selector "a.btn-block" (selector-no-qualifying-type)",
        },
      ],
    },
  ],
  "ruleMetadata": {
    "at-rule-no-vendor-prefix": {
      "fixable": true,
      "url": "https://stylelint.io/user-guide/rules/at-rule-no-vendor-prefix",
    },
    "color-named": {
      "url": "https://stylelint.io/user-guide/rules/color-named",
    },
    "declaration-no-important": {
      "url": "https://stylelint.io/user-guide/rules/declaration-no-important",
    },
    "font-family-name-quotes": {
      "fixable": true,
      "url": "https://stylelint.io/user-guide/rules/font-family-name-quotes",
    },
    "font-weight-notation": {
      "fixable": true,
      "url": "https://stylelint.io/user-guide/rules/font-weight-notation",
    },
    "function-url-no-scheme-relative": {
      "url": "https://stylelint.io/user-guide/rules/function-url-no-scheme-relative",
    },
    "function-url-quotes": {
      "fixable": true,
      "url": "https://stylelint.io/user-guide/rules/function-url-quotes",
    },
    "media-feature-name-no-vendor-prefix": {
      "fixable": true,
      "url": "https://stylelint.io/user-guide/rules/media-feature-name-no-vendor-prefix",
    },
    "property-no-vendor-prefix": {
      "fixable": true,
      "url": "https://stylelint.io/user-guide/rules/property-no-vendor-prefix",
    },
    "selector-attribute-quotes": {
      "fixable": true,
      "url": "https://stylelint.io/user-guide/rules/selector-attribute-quotes",
    },
    "selector-class-pattern": {
      "url": "https://stylelint.io/user-guide/rules/selector-class-pattern",
    },
    "selector-max-attribute": {
      "url": "https://stylelint.io/user-guide/rules/selector-max-attribute",
    },
    "selector-max-class": {
      "url": "https://stylelint.io/user-guide/rules/selector-max-class",
    },
    "selector-max-combinators": {
      "url": "https://stylelint.io/user-guide/rules/selector-max-combinators",
    },
    "selector-max-compound-selectors": {
      "url": "https://stylelint.io/user-guide/rules/selector-max-compound-selectors",
    },
    "selector-max-id": {
      "url": "https://stylelint.io/user-guide/rules/selector-max-id",
    },
    "selector-max-type": {
      "url": "https://stylelint.io/user-guide/rules/selector-max-type",
    },
    "selector-max-universal": {
      "url": "https://stylelint.io/user-guide/rules/selector-max-universal",
    },
    "selector-no-qualifying-type": {
      "url": "https://stylelint.io/user-guide/rules/selector-no-qualifying-type",
    },
    "selector-no-vendor-prefix": {
      "fixable": true,
      "url": "https://stylelint.io/user-guide/rules/selector-no-vendor-prefix",
    },
    "shorthand-property-no-redundant-values": {
      "fixable": true,
      "url": "https://stylelint.io/user-guide/rules/shorthand-property-no-redundant-values",
    },
    "value-no-vendor-prefix": {
      "fixable": true,
      "url": "https://stylelint.io/user-guide/rules/value-no-vendor-prefix",
    },
  },
}
`;
