// Jest Snapshot v1, https://goo.gl/fbAQLP

exports[`ignoreFile 1`] = `
Object {
  "errored": false,
  "output": "[]",
  "results": Array [],
}
`;
